// Jest Snapshot v1, https://goo.gl/fbAQLP

exports[`should render InputText correctly 1`] = `
<div
  className="form-group col-sm-6"
>
  <label
    className="col-sm-6 "
  >
    Naam
  </label>
  <div
    className="col-sm-6"
  >
    <input
      className="form-control input-sm false"
      maxLength={null}
      name="naam"
      readOnly={false}
      type="text"
      value="Rob"
    />
  </div>
</div>
`;
